../Core/Src/main.c:97:5:main	64	static,ignoring_inline_asm
../Core/Src/main.c:212:6:SystemClock_Config	88	static
../Core/Src/main.c:258:13:MX_ETH_Init	8	static
../Core/Src/main.c:307:13:MX_USART3_UART_Init	8	static
../Core/Src/main.c:340:13:MX_USB_OTG_FS_PCD_Init	8	static
../Core/Src/main.c:375:13:MX_GPIO_Init	56	static
../Core/Src/main.c:426:13:prvNewPrintString	16	static
../Core/Src/main.c:456:6:prvPrintTask	24	static
../Core/Src/main.c:495:6:StartDefaultTask	16	static
../Core/Src/main.c:514:6:HAL_TIM_PeriodElapsedCallback	16	static
../Core/Src/main.c:531:6:Error_Handler	4	static,ignoring_inline_asm
