../Core/Src/main.c:73:5:main	72	static
../Core/Src/main.c:156:6:SystemClock_Config	88	static
../Core/Src/main.c:202:13:MX_USART3_UART_Init	8	static
../Core/Src/main.c:235:13:MX_GPIO_Init	56	static
../Core/Src/main.c:301:5:__io_putchar	24	static
../Core/Src/main.c:312:5:_write	32	static
../Core/Src/main.c:330:6:StartDefaultTask	16	static
../Core/Src/main.c:354:6:StartprinterTask	16	static
../Core/Src/main.c:377:6:HAL_TIM_PeriodElapsedCallback	16	static
../Core/Src/main.c:394:6:Error_Handler	4	static
