../Core/Src/main.c:96:5:main	128	static
../Core/Src/main.c:212:6:SystemClock_Config	88	static
../Core/Src/main.c:258:13:MX_I2C2_Init	8	static
../Core/Src/main.c:306:13:MX_USART3_UART_Init	8	static
../Core/Src/main.c:339:13:MX_GPIO_Init	64	static
../Core/Src/main.c:440:6:SendString	16	static
../Core/Src/main.c:452:6:SendNumber	40	static
../Core/Src/main.c:467:6:StartDefaultTask	24	static
../Core/Src/main.c:500:6:StartDriverTask	16	static
../Core/Src/main.c:519:6:EepromReadWrite	16	static
../Core/Src/main.c:539:6:HAL_TIM_PeriodElapsedCallback	16	static
../Core/Src/main.c:556:6:Error_Handler	4	static,ignoring_inline_asm
